<area shape="rect" id="node1" href="src-openflowmessages-action_type.html" title="Enum action_type" alt="" coords="5,5,95,31">
<area shape="rect" id="node2" href="src-openflowmessages-feature_actions.html" title="Enum feature_actions" alt="" coords="119,5,229,31">
<area shape="rect" id="node3" href="src-openflowmessages-feature_capabilities.html" title="Enum feature_capabilities" alt="" coords="253,5,388,31">
<area shape="rect" id="node4" href="src-openflowmessages-Flag_conf.html" title="Enum Flag_conf" alt="" coords="412,5,491,31">
<area shape="rect" id="node5" href="src-other-kind.html" title="Enum kind" alt="" coords="515,5,587,31">
<area shape="rect" id="node6" href="src-openflowmessages-Of_ba_er_code.html" title="Enum Of_ba_er_code" alt="" coords="612,5,723,31">
<area shape="rect" id="node7" href="src-openflowmessages-Of_br_er_code.html" title="Enum Of_br_er_code" alt="" coords="747,5,854,31">
<area shape="rect" id="node8" href="src-openflowmessages-Of_hf_er_code.html" title="Enum Of_hf_er_code" alt="" coords="878,5,985,31">
<area shape="rect" id="node9" href="src-openflowmessages-Of_ofmf_er_code.html" title="Enum Of_ofmf_er_code" alt="" coords="1009,5,1131,31">
<area shape="rect" id="node10" href="src-openflowmessages-Of_opmf_er_code.html" title="Enum Of_opmf_er_code" alt="" coords="1155,5,1281,31">
<area shape="rect" id="node11" href="src-openflowmessages-Of_oqof_er_code.html" title="Enum Of_oqof_er_code" alt="" coords="1305,5,1427,31">
<area shape="rect" id="node12" href="src-openflowmessages-Ofp_action_head.html" title="Class Ofp_action_head" alt="" coords="145,79,265,104">
<area shape="rect" id="node13" href="../../../inet4/doc/neddoc/src-inet-common-packet-chunk-FieldsChunk.html" title="Class FieldsChunk" alt="" coords="1451,5,1545,31">
<area shape="rect" id="node14" href="src-openflowmessages-Ofp_enqueue_action.html" title="Class Ofp_enqueue_action" alt="" coords="289,79,430,104">
<area shape="rect" id="node16" href="src-openflowmessages-Ofp_error.html" title="Class Ofp_error" alt="" coords="455,79,531,104">
<area shape="rect" id="node17" href="src-openflowmessages-Ofp_feature.html" title="Class Ofp_feature" alt="" coords="555,79,646,104">
<area shape="rect" id="node18" href="src-openflowmessages-Ofp_flow_mod.html" title="Class Ofp_flow_mod" alt="" coords="670,79,777,104">
<area shape="rect" id="node20" href="src-openflowmessages-Ofp_header.html" title="Class Ofp_header" alt="" coords="801,79,891,104">
<area shape="rect" id="node21" href="src-openflowmessages-Ofp_match.html" title="Class Ofp_match" alt="" coords="915,79,1001,104">
<area shape="rect" id="node22" href="src-openflowmessages-Ofp_output_action.html" title="Class Ofp_output_action" alt="" coords="1026,79,1154,104">
<area shape="rect" id="node23" href="src-openflowmessages-Ofp_packet_in.html" title="Class Ofp_packet_in" alt="" coords="1178,79,1285,104">
<area shape="rect" id="node24" href="src-openflowmessages-Ofp_packet_out.html" title="Class Ofp_packet_out" alt="" coords="1309,79,1423,104">
<area shape="rect" id="node25" href="src-openflowmessages-Ofp_phy_port.html" title="Class Ofp_phy_port" alt="" coords="1448,79,1548,104">
<area shape="rect" id="node26" href="src-openflowmessages-Ofp_port_mode.html" title="Class Ofp_port_mode" alt="" coords="1572,79,1683,104">
<area shape="rect" id="node27" href="src-openflowmessages-Ofp_set_config.html" title="Class Ofp_set_config" alt="" coords="1707,79,1817,104">
<area shape="rect" id="node28" href="src-openflowmessages-Ofp_setdladdr_action.html" title="Class Ofp_setdladdr_action" alt="" coords="1841,79,1987,104">
<area shape="rect" id="node29" href="src-openflowmessages-Ofp_setnwaddr_action.html" title="Class Ofp_setnwaddr_action" alt="" coords="2011,79,2163,104">
<area shape="rect" id="node30" href="src-openflowmessages-Ofp_setnwtos_action.html" title="Class Ofp_setnwtos_action" alt="" coords="2188,79,2333,104">
<area shape="rect" id="node31" href="src-openflowmessages-Ofp_settcport_action.html" title="Class Ofp_settcport_action" alt="" coords="2357,79,2500,104">
<area shape="rect" id="node32" href="src-openflowmessages-Ofp_setvlanpcp_action.html" title="Class Ofp_setvlanpcp_action" alt="" coords="2525,79,2679,104">
<area shape="rect" id="node33" href="src-openflowmessages-Ofp_setvlanvid_action.html" title="Class Ofp_setvlanvid_action" alt="" coords="2704,79,2855,104">
<area shape="rect" id="node35" href="src-openflowmessages-Ofp_vendor.html" title="Class Ofp_vendor" alt="" coords="2879,79,2968,104">
<area shape="rect" id="node36" href="src-openflowmessages-Ofp_vendor_action.html" title="Class Ofp_vendor_action" alt="" coords="2993,79,3123,104">
<area shape="rect" id="node15" href="src-openflowmessages-Ofp_er_type.html" title="Enum Ofp_er_type" alt="" coords="1570,5,1663,31">
<area shape="rect" id="node19" href="src-openflowmessages-ofp_flow_mod_command.html" title="Enum ofp_flow_mod_command" alt="" coords="1688,5,1855,31">
<area shape="rect" id="node34" href="src-openflowmessages-Ofp_type.html" title="Enum Ofp_type" alt="" coords="1879,5,1954,31">
<area shape="rect" id="node37" href="src-openflowmessages-Ofp_version.html" title="Enum Ofp_version" alt="" coords="1979,5,2071,31">
<area shape="rect" id="node38" href="src-openflowmessages-phy_port_config.html" title="Enum phy_port_config" alt="" coords="2095,5,2210,31">
<area shape="rect" id="node39" href="src-openflowmessages-phy_port_feature.html" title="Enum phy_port_feature" alt="" coords="2235,5,2353,31">
<area shape="rect" id="node40" href="src-openflowmessages-phy_port_id.html" title="Enum phy_port_id" alt="" coords="2377,5,2467,31">
<area shape="rect" id="node41" href="src-openflowmessages-phy_port_state.html" title="Enum phy_port_state" alt="" coords="2491,5,2599,31">
<area shape="rect" id="node42" href="src-openflowmessages-reason.html" title="Enum reason" alt="" coords="2623,5,2695,31">
<area shape="rect" id="node43" href="src-other-timer.html" title="Message timer" alt="" coords="2719,5,2791,31">
<area shape="rect" id="node44" href="src-openflowmessages-vendors.html" title="Enum vendors" alt="" coords="2815,5,2887,31">
